// Jest Snapshot v1, https://goo.gl/fbAQLP

exports[`UserInfoSide renders 1`] = `
<div>
  <section
    class="flex flex-col gap-10"
  >
    <div
      class="flex items-center"
    >
      <div
        class="ml-5"
      >
        <h3
          class="text-xl font-bold"
        >
          abded
        </h3>
        <h3
          class="text-2xl text-zinc-600"
        >
          jin
        </h3>
      </div>
    </div>
    <p
      class="text-zinc-600 text-lg"
    >
      About﹒ Help﹒Press﹒API﹒Jobs﹒
      <br />
      Privacy﹒Terms﹒Location﹒
      <br />
      Language
    </p>
    <p
      class="text-zinc-700 font-semibold"
    >
      Copyright INSTANTGARM
      <br />
      from MENTAL
    </p>
  </section>
</div>
`;
